// Jest Snapshot v1, https://goo.gl/fbAQLP

exports[`will render the invitation modal 1`] = `
<ForwardRef(Dialog)
  aria-labelledby="simple-dialog-title"
  open={true}
>
  <ForwardRef(DialogTitle)
    id="simple-dialog-title"
  >
    stub_Invite_name invites you to a duel!
  </ForwardRef(DialogTitle)>
  <ForwardRef(DialogContent)>
    <ForwardRef(Chip)
      avatar={
        <ForwardRef(Avatar)>
          3
        </ForwardRef(Avatar)>
      }
      color="primary"
      label="Difficulty"
      size="medium"
      style={
        Object {
          "marginLeft": 70,
        }
      }
    />
  </ForwardRef(DialogContent)>
  <ForwardRef(DialogActions)>
    <ForwardRef(ButtonGroup)
      aria-label="vertical outlined primary button group"
      color="primary"
    >
      <ForwardRef(Button)
        onClick={[Function]}
        size="large"
        style={
          Object {
            "background": "green",
            "marginBottom": 20,
            "marginLeft": 10,
          }
        }
        variant="contained"
      >
        Accept
      </ForwardRef(Button)>
      <ForwardRef(Button)
        onClick={[Function]}
        size="large"
        style={
          Object {
            "background": "red",
            "marginBottom": 20,
            "marginLeft": 50,
          }
        }
        variant="contained"
      >
        Decline
      </ForwardRef(Button)>
    </ForwardRef(ButtonGroup)>
  </ForwardRef(DialogActions)>
</ForwardRef(Dialog)>
`;
