// Jest Snapshot v1, https://goo.gl/fbAQLP

exports[`The Opponent component will render the oponent window 1`] = `
<div
  className="opponentContainer"
>
  <OpponentDescription
    difficulty={2}
    getPool={[Function]}
    requestInvite={[Function]}
    setDifficulty={[Function]}
    socketState={Object {}}
  />
  <canvas
    height={300}
    width={150}
  />
  <audio
    src={
      Object {
        "canInstrument": true,
        "createTransformer": [Function],
        "getCacheKey": [Function],
        "getCacheKeyAsync": [Function],
        "process": [Function],
        "processAsync": [Function],
      }
    }
  >
    <track
      kind="captions"
    />
  </audio>
</div>
`;
