// Jest Snapshot v1, https://goo.gl/fbAQLP

exports[`The audio will set the Audio component 1`] = `
Array [
  <audio
    key="winnerAudio"
    preload="auto"
    src={
      Object {
        "canInstrument": true,
        "createTransformer": [Function],
        "getCacheKey": [Function],
        "getCacheKeyAsync": [Function],
        "process": [Function],
        "processAsync": [Function],
      }
    }
  />,
  <audio
    key="looserAudio"
    preload="auto"
    src={
      Object {
        "canInstrument": true,
        "createTransformer": [Function],
        "getCacheKey": [Function],
        "getCacheKeyAsync": [Function],
        "process": [Function],
        "processAsync": [Function],
      }
    }
  />,
  <audio
    key="clearAudio"
    preload="auto"
    src={
      Object {
        "canInstrument": true,
        "createTransformer": [Function],
        "getCacheKey": [Function],
        "getCacheKeyAsync": [Function],
        "process": [Function],
        "processAsync": [Function],
      }
    }
  />,
  <audio
    key="maxClearAudio"
    preload="auto"
    src={
      Object {
        "canInstrument": true,
        "createTransformer": [Function],
        "getCacheKey": [Function],
        "getCacheKeyAsync": [Function],
        "process": [Function],
        "processAsync": [Function],
      }
    }
  />,
]
`;
